// Jest Snapshot v1, https://goo.gl/fbAQLP

exports[`<App /> should render and match the snapshot 1`] = `
<BrowserRouter>
  <Helmet
    defaultTitle="QDB"
    defer={true}
    encodeSpecialCharacters={true}
    titleTemplate="QDB"
  >
    <meta
      content="QDB application"
      name="description"
    />
  </Helmet>
  <withRouter(PageLayout) />
  <UNDEFINED />
</BrowserRouter>
`;
